=== publisher exit code = 1 ===
TODAY=2026-09-27
auth_ok=yes
=== last 12000 chars of output ===
在 /home/runner/work/football-auto-publish/football-auto-publish/output/2026-09-27 中找到 4 个 article-*.md 文件: ['article-1-凌晨2点45这场-c19eb2.md', 'article-2-世界杯欠的债欧国-7a8fb1.md', 'article-3-18岁进国足的小-9eba1f.md', 'article-4-39场不败西班牙-79d0eb.md']
加载 4 篇文章:
  [1] 凌晨2点45这场球，先别聊阵容，聊聊这位英格兰裁判
  [2] 世界杯欠的债，欧国联能还清吗？帕沙利奇这话扎心了
  [3] 18岁进国足的小将，奥斯卡早就看出他不一般？
  [4] 39场不败！西班牙在温布利给英格兰上了一课
📰 加载 4 篇文章, headless=True
🚀 启动浏览器...
Traceback (most recent call last):
  File "/home/runner/work/football-auto-publish/football-auto-publish/publisher.py", line 1174, in <module>
    publish_all(date_str, draft_mode, headless=headless, batch_filter=batch_filter)
  File "/home/runner/work/football-auto-publish/football-auto-publish/publisher.py", line 1087, in publish_all
    browser = p.chromium.launch(headless=headless, args=launch_args)
              ^^^^^^^^^^^^^^^^^^^^^^^^^^^^^^^^^^^^^^^^^^^^^^^^^^^^^^
  File "/opt/hostedtoolcache/Python/3.11.16/x64/lib/python3.11/site-packages/playwright/sync_api/_generated.py", line 16814, in launch
    self._sync(
  File "/opt/hostedtoolcache/Python/3.11.16/x64/lib/python3.11/site-packages/playwright/_impl/_sync_base.py", line 115, in _sync
    return task.result()
           ^^^^^^^^^^^^^
  File "/opt/hostedtoolcache/Python/3.11.16/x64/lib/python3.11/site-packages/playwright/_impl/_browser_type.py", line 101, in launch
    await self._channel.send(
  File "/opt/hostedtoolcache/Python/3.11.16/x64/lib/python3.11/site-packages/playwright/_impl/_connection.py", line 76, in send
    return await self._connection.wrap_api_call(
           ^^^^^^^^^^^^^^^^^^^^^^^^^^^^^^^^^^^^^
  File "/opt/hostedtoolcache/Python/3.11.16/x64/lib/python3.11/site-packages/playwright/_impl/_connection.py", line 632, in wrap_api_call
    raise rewrite_error(error, f"{parsed_st['apiName']}: {error}") from None
playwright._impl._errors.Error: BrowserType.launch: Executable doesn't exist at /home/runner/.cache/ms-playwright/chromium_headless_shell-1243/chrome-headless-shell-linux64/chrome-headless-shell
╔════════════════════════════════════════════════════════════╗
║ Looks like Playwright was just installed or updated.       ║
║ Please run the following command to download new browsers: ║
║                                                            ║
║     playwright install                                     ║
║                                                            ║
║ <3 Playwright Team                                         ║
╚════════════════════════════════════════════════════════════╝
